src/components/layout/Header.tsx(2,71): error TS6133: 'Settings' is declared but its value is never read.
src/components/products/ProductCard.tsx(84,18): error TS2322: Type '{ children: string; variant: "primary"; size: "sm"; fullWidth: true; leftIcon: Element; onClick: () => void | undefined; disabled: boolean; }' is not assignable to type 'IntrinsicAttributes & ButtonProps & RefAttributes<HTMLButtonElement>'.
  Property 'children' does not exist on type 'IntrinsicAttributes & ButtonProps & RefAttributes<HTMLButtonElement>'.
src/components/ui/Button.tsx(55,13): error TS2339: Property 'children' does not exist on type 'ButtonProps'.
src/components/ui/GlassCard.tsx(46,13): error TS2339: Property 'children' does not exist on type 'GlassCardProps'.
src/features/auth/LoginPage.tsx(87,18): error TS2322: Type '{ children: Element[]; variant: "dark"; padding: "lg"; }' is not assignable to type 'IntrinsicAttributes & GlassCardProps & RefAttributes<HTMLDivElement>'.
  Property 'children' does not exist on type 'IntrinsicAttributes & GlassCardProps & RefAttributes<HTMLDivElement>'.
src/features/auth/LoginPage.tsx(132,26): error TS2322: Type '{ children: string; type: "submit"; variant: "primary"; size: "lg"; fullWidth: true; loading: boolean; rightIcon: Element; }' is not assignable to type 'IntrinsicAttributes & ButtonProps & RefAttributes<HTMLButtonElement>'.
  Property 'children' does not exist on type 'IntrinsicAttributes & ButtonProps & RefAttributes<HTMLButtonElement>'.
src/features/auth/LoginPage.tsx(156,26): error TS2322: Type '{ children: (string | Element)[]; variant: "outline"; size: "md"; disabled: true; }' is not assignable to type 'IntrinsicAttributes & ButtonProps & RefAttributes<HTMLButtonElement>'.
  Property 'children' does not exist on type 'IntrinsicAttributes & ButtonProps & RefAttributes<HTMLButtonElement>'.
src/features/auth/LoginPage.tsx(165,26): error TS2322: Type '{ children: (string | Element)[]; variant: "outline"; size: "md"; disabled: true; }' is not assignable to type 'IntrinsicAttributes & ButtonProps & RefAttributes<HTMLButtonElement>'.
  Property 'children' does not exist on type 'IntrinsicAttributes & ButtonProps & RefAttributes<HTMLButtonElement>'.
src/features/auth/ProfilePage.tsx(90,14): error TS2322: Type '{ children: string; variant: "ghost"; leftIcon: Element; onClick: () => void; className: string; }' is not assignable to type 'IntrinsicAttributes & ButtonProps & RefAttributes<HTMLButtonElement>'.
  Property 'children' does not exist on type 'IntrinsicAttributes & ButtonProps & RefAttributes<HTMLButtonElement>'.
src/features/auth/ProfilePage.tsx(116,18): error TS2322: Type '{ children: string; variant: "primary" | "outline"; leftIcon: Element; onClick: () => void; }' is not assignable to type 'IntrinsicAttributes & ButtonProps & RefAttributes<HTMLButtonElement>'.
  Property 'children' does not exist on type 'IntrinsicAttributes & ButtonProps & RefAttributes<HTMLButtonElement>'.
src/features/auth/ProfilePage.tsx(123,18): error TS2322: Type '{ children: string; variant: "primary" | "outline"; leftIcon: Element; onClick: () => void; }' is not assignable to type 'IntrinsicAttributes & ButtonProps & RefAttributes<HTMLButtonElement>'.
  Property 'children' does not exist on type 'IntrinsicAttributes & ButtonProps & RefAttributes<HTMLButtonElement>'.
src/features/auth/ProfilePage.tsx(138,22): error TS2322: Type '{ children: Element[]; variant: "dark"; padding: "lg"; }' is not assignable to type 'IntrinsicAttributes & GlassCardProps & RefAttributes<HTMLDivElement>'.
  Property 'children' does not exist on type 'IntrinsicAttributes & GlassCardProps & RefAttributes<HTMLDivElement>'.
src/features/auth/ProfilePage.tsx(173,30): error TS2322: Type '{ children: string; variant: "primary"; fullWidth: true; leftIcon: Element; onClick: () => Promise<void>; disabled: boolean; }' is not assignable to type 'IntrinsicAttributes & ButtonProps & RefAttributes<HTMLButtonElement>'.
  Property 'children' does not exist on type 'IntrinsicAttributes & ButtonProps & RefAttributes<HTMLButtonElement>'.
src/features/auth/ProfilePage.tsx(193,22): error TS2322: Type '{ children: Element[]; variant: "dark"; padding: "lg"; }' is not assignable to type 'IntrinsicAttributes & GlassCardProps & RefAttributes<HTMLDivElement>'.
  Property 'children' does not exist on type 'IntrinsicAttributes & GlassCardProps & RefAttributes<HTMLDivElement>'.
src/features/auth/ProfilePage.tsx(239,30): error TS2322: Type '{ children: string; variant: "primary"; fullWidth: true; leftIcon: Element; onClick: () => Promise<void>; disabled: boolean; }' is not assignable to type 'IntrinsicAttributes & ButtonProps & RefAttributes<HTMLButtonElement>'.
  Property 'children' does not exist on type 'IntrinsicAttributes & ButtonProps & RefAttributes<HTMLButtonElement>'.
src/features/auth/RegisterPage.tsx(153,18): error TS2322: Type '{ children: Element[]; variant: "dark"; padding: "lg"; }' is not assignable to type 'IntrinsicAttributes & GlassCardProps & RefAttributes<HTMLDivElement>'.
  Property 'children' does not exist on type 'IntrinsicAttributes & GlassCardProps & RefAttributes<HTMLDivElement>'.
src/features/auth/RegisterPage.tsx(216,26): error TS2322: Type '{ children: string; type: "submit"; variant: "primary"; size: "lg"; fullWidth: true; loading: boolean; rightIcon: Element; }' is not assignable to type 'IntrinsicAttributes & ButtonProps & RefAttributes<HTMLButtonElement>'.
  Property 'children' does not exist on type 'IntrinsicAttributes & ButtonProps & RefAttributes<HTMLButtonElement>'.
src/features/cart/CartPage.tsx(2,1): error TS6133: 'motion' is declared but its value is never read.
src/features/cart/CartPage.tsx(54,18): error TS2322: Type '{ children: Element[]; variant: "dark"; padding: "lg"; className: string; }' is not assignable to type 'IntrinsicAttributes & GlassCardProps & RefAttributes<HTMLDivElement>'.
  Property 'children' does not exist on type 'IntrinsicAttributes & GlassCardProps & RefAttributes<HTMLDivElement>'.
src/features/cart/CartPage.tsx(58,22): error TS2322: Type '{ children: string; variant: "primary"; onClick: () => void; }' is not assignable to type 'IntrinsicAttributes & ButtonProps & RefAttributes<HTMLButtonElement>'.
  Property 'children' does not exist on type 'IntrinsicAttributes & ButtonProps & RefAttributes<HTMLButtonElement>'.
src/features/cart/CartPage.tsx(72,18): error TS2322: Type '{ children: Element[]; variant: "dark"; padding: "md"; className: string; }' is not assignable to type 'IntrinsicAttributes & GlassCardProps & RefAttributes<HTMLDivElement>'.
  Property 'children' does not exist on type 'IntrinsicAttributes & GlassCardProps & RefAttributes<HTMLDivElement>'.
src/features/cart/CartPage.tsx(87,26): error TS2322: Type '{ children: Element; key: string; variant: "dark"; padding: "md"; }' is not assignable to type 'IntrinsicAttributes & GlassCardProps & RefAttributes<HTMLDivElement>'.
  Property 'children' does not exist on type 'IntrinsicAttributes & GlassCardProps & RefAttributes<HTMLDivElement>'.
src/features/cart/CartPage.tsx(148,22): error TS2322: Type '{ children: Element[]; variant: "dark"; padding: "lg"; className: string; }' is not assignable to type 'IntrinsicAttributes & GlassCardProps & RefAttributes<HTMLDivElement>'.
  Property 'children' does not exist on type 'IntrinsicAttributes & GlassCardProps & RefAttributes<HTMLDivElement>'.
src/features/cart/CartPage.tsx(167,26): error TS2322: Type '{ children: string; variant: "primary"; size: "lg"; fullWidth: true; onClick: () => void; }' is not assignable to type 'IntrinsicAttributes & ButtonProps & RefAttributes<HTMLButtonElement>'.
  Property 'children' does not exist on type 'IntrinsicAttributes & ButtonProps & RefAttributes<HTMLButtonElement>'.
src/features/checkout/CheckoutPage.tsx(3,1): error TS6133: 'motion' is declared but its value is never read.
src/features/checkout/CheckoutPage.tsx(105,26): error TS2322: Type '{ children: Element[]; variant: "dark"; padding: "lg"; }' is not assignable to type 'IntrinsicAttributes & GlassCardProps & RefAttributes<HTMLDivElement>'.
  Property 'children' does not exist on type 'IntrinsicAttributes & GlassCardProps & RefAttributes<HTMLDivElement>'.
src/features/checkout/CheckoutPage.tsx(162,26): error TS2322: Type '{ children: Element[]; variant: "dark"; padding: "lg"; }' is not assignable to type 'IntrinsicAttributes & GlassCardProps & RefAttributes<HTMLDivElement>'.
  Property 'children' does not exist on type 'IntrinsicAttributes & GlassCardProps & RefAttributes<HTMLDivElement>'.
src/features/checkout/CheckoutPage.tsx(206,26): error TS2322: Type '{ children: Element[]; variant: "dark"; padding: "lg"; className: string; }' is not assignable to type 'IntrinsicAttributes & GlassCardProps & RefAttributes<HTMLDivElement>'.
  Property 'children' does not exist on type 'IntrinsicAttributes & GlassCardProps & RefAttributes<HTMLDivElement>'.
src/features/checkout/CheckoutPage.tsx(238,30): error TS2322: Type '{ children: string; type: "submit"; variant: "primary"; size: "lg"; fullWidth: true; loading: boolean; }' is not assignable to type 'IntrinsicAttributes & ButtonProps & RefAttributes<HTMLButtonElement>'.
  Property 'children' does not exist on type 'IntrinsicAttributes & ButtonProps & RefAttributes<HTMLButtonElement>'.
src/features/orders/OrderDetailPage.tsx(3,1): error TS6133: 'motion' is declared but its value is never read.
src/features/orders/OrderDetailPage.tsx(60,18): error TS2322: Type '{ children: Element[]; variant: "dark"; padding: "lg"; className: string; }' is not assignable to type 'IntrinsicAttributes & GlassCardProps & RefAttributes<HTMLDivElement>'.
  Property 'children' does not exist on type 'IntrinsicAttributes & GlassCardProps & RefAttributes<HTMLDivElement>'.
src/features/orders/OrderDetailPage.tsx(62,22): error TS2322: Type '{ children: string; variant: "outline"; className: string; onClick: () => void; }' is not assignable to type 'IntrinsicAttributes & ButtonProps & RefAttributes<HTMLButtonElement>'.
  Property 'children' does not exist on type 'IntrinsicAttributes & ButtonProps & RefAttributes<HTMLButtonElement>'.
src/features/orders/OrderDetailPage.tsx(74,14): error TS2322: Type '{ children: string; variant: "ghost"; leftIcon: Element; onClick: () => void; className: string; }' is not assignable to type 'IntrinsicAttributes & ButtonProps & RefAttributes<HTMLButtonElement>'.
  Property 'children' does not exist on type 'IntrinsicAttributes & ButtonProps & RefAttributes<HTMLButtonElement>'.
src/features/orders/OrderDetailPage.tsx(87,22): error TS2322: Type '{ children: Element; variant: "dark"; padding: "lg"; }' is not assignable to type 'IntrinsicAttributes & GlassCardProps & RefAttributes<HTMLDivElement>'.
  Property 'children' does not exist on type 'IntrinsicAttributes & GlassCardProps & RefAttributes<HTMLDivElement>'.
src/features/orders/OrderDetailPage.tsx(107,34): error TS2322: Type '{ children: string; variant: "outline"; size: "sm"; onClick: () => Promise<void>; loading: boolean; }' is not assignable to type 'IntrinsicAttributes & ButtonProps & RefAttributes<HTMLButtonElement>'.
  Property 'children' does not exist on type 'IntrinsicAttributes & ButtonProps & RefAttributes<HTMLButtonElement>'.
src/features/orders/OrderDetailPage.tsx(120,22): error TS2322: Type '{ children: Element[]; variant: "dark"; padding: "lg"; }' is not assignable to type 'IntrinsicAttributes & GlassCardProps & RefAttributes<HTMLDivElement>'.
  Property 'children' does not exist on type 'IntrinsicAttributes & GlassCardProps & RefAttributes<HTMLDivElement>'.
src/features/orders/OrderDetailPage.tsx(153,22): error TS2322: Type '{ children: Element[]; variant: "dark"; padding: "lg"; }' is not assignable to type 'IntrinsicAttributes & GlassCardProps & RefAttributes<HTMLDivElement>'.
  Property 'children' does not exist on type 'IntrinsicAttributes & GlassCardProps & RefAttributes<HTMLDivElement>'.
src/features/orders/OrderDetailPage.tsx(169,22): error TS2322: Type '{ children: Element[]; variant: "dark"; padding: "lg"; }' is not assignable to type 'IntrinsicAttributes & GlassCardProps & RefAttributes<HTMLDivElement>'.
  Property 'children' does not exist on type 'IntrinsicAttributes & GlassCardProps & RefAttributes<HTMLDivElement>'.
src/features/orders/OrderDetailPage.tsx(193,22): error TS2322: Type '{ children: Element[]; variant: "dark"; padding: "lg"; className: string; }' is not assignable to type 'IntrinsicAttributes & GlassCardProps & RefAttributes<HTMLDivElement>'.
  Property 'children' does not exist on type 'IntrinsicAttributes & GlassCardProps & RefAttributes<HTMLDivElement>'.
src/features/orders/OrderListPage.tsx(48,18): error TS2322: Type '{ children: Element; variant: "dark"; padding: "lg"; className: string; }' is not assignable to type 'IntrinsicAttributes & GlassCardProps & RefAttributes<HTMLDivElement>'.
  Property 'children' does not exist on type 'IntrinsicAttributes & GlassCardProps & RefAttributes<HTMLDivElement>'.
src/features/orders/OrderListPage.tsx(60,18): error TS2322: Type '{ children: Element[]; variant: "dark"; padding: "lg"; className: string; }' is not assignable to type 'IntrinsicAttributes & GlassCardProps & RefAttributes<HTMLDivElement>'.
  Property 'children' does not exist on type 'IntrinsicAttributes & GlassCardProps & RefAttributes<HTMLDivElement>'.
src/features/orders/OrderListPage.tsx(65,26): error TS2322: Type '{ children: string; variant: "primary"; }' is not assignable to type 'IntrinsicAttributes & ButtonProps & RefAttributes<HTMLButtonElement>'.
  Property 'children' does not exist on type 'IntrinsicAttributes & ButtonProps & RefAttributes<HTMLButtonElement>'.
src/features/orders/OrderListPage.tsx(82,22): error TS2322: Type '{ children: Element[]; key: any; variant: "dark"; padding: "lg"; }' is not assignable to type 'IntrinsicAttributes & GlassCardProps & RefAttributes<HTMLDivElement>'.
  Property 'children' does not exist on type 'IntrinsicAttributes & GlassCardProps & RefAttributes<HTMLDivElement>'.
src/features/orders/OrderListPage.tsx(114,34): error TS2322: Type '{ children: string; variant: "outline"; size: "sm"; }' is not assignable to type 'IntrinsicAttributes & ButtonProps & RefAttributes<HTMLButtonElement>'.
  Property 'children' does not exist on type 'IntrinsicAttributes & ButtonProps & RefAttributes<HTMLButtonElement>'.
src/features/products/ProductDetailPage.tsx(75,18): error TS2322: Type '{ children: Element[]; variant: "dark"; padding: "lg"; className: string; }' is not assignable to type 'IntrinsicAttributes & GlassCardProps & RefAttributes<HTMLDivElement>'.
  Property 'children' does not exist on type 'IntrinsicAttributes & GlassCardProps & RefAttributes<HTMLDivElement>'.
src/features/products/ProductDetailPage.tsx(77,22): error TS2322: Type '{ children: string; variant: "outline"; className: string; onClick: () => void; }' is not assignable to type 'IntrinsicAttributes & ButtonProps & RefAttributes<HTMLButtonElement>'.
  Property 'children' does not exist on type 'IntrinsicAttributes & ButtonProps & RefAttributes<HTMLButtonElement>'.
src/features/products/ProductDetailPage.tsx(88,14): error TS2322: Type '{ children: string; variant: "ghost"; leftIcon: Element; onClick: () => void; className: string; }' is not assignable to type 'IntrinsicAttributes & ButtonProps & RefAttributes<HTMLButtonElement>'.
  Property 'children' does not exist on type 'IntrinsicAttributes & ButtonProps & RefAttributes<HTMLButtonElement>'.
src/features/products/ProductDetailPage.tsx(100,22): error TS2322: Type '{ children: Element; variant: "dark"; padding: "none"; }' is not assignable to type 'IntrinsicAttributes & GlassCardProps & RefAttributes<HTMLDivElement>'.
  Property 'children' does not exist on type 'IntrinsicAttributes & GlassCardProps & RefAttributes<HTMLDivElement>'.
src/features/products/ProductDetailPage.tsx(119,22): error TS2322: Type '{ children: Element[]; variant: "dark"; padding: "lg"; }' is not assignable to type 'IntrinsicAttributes & GlassCardProps & RefAttributes<HTMLDivElement>'.
  Property 'children' does not exist on type 'IntrinsicAttributes & GlassCardProps & RefAttributes<HTMLDivElement>'.
src/features/products/ProductDetailPage.tsx(175,34): error TS2322: Type '{ children: Element; variant: "outline"; size: "sm"; onClick: () => void; disabled: boolean; }' is not assignable to type 'IntrinsicAttributes & ButtonProps & RefAttributes<HTMLButtonElement>'.
  Property 'children' does not exist on type 'IntrinsicAttributes & ButtonProps & RefAttributes<HTMLButtonElement>'.
src/features/products/ProductDetailPage.tsx(186,34): error TS2322: Type '{ children: Element; variant: "outline"; size: "sm"; onClick: () => void; disabled: boolean; }' is not assignable to type 'IntrinsicAttributes & ButtonProps & RefAttributes<HTMLButtonElement>'.
  Property 'children' does not exist on type 'IntrinsicAttributes & ButtonProps & RefAttributes<HTMLButtonElement>'.
src/features/products/ProductDetailPage.tsx(198,26): error TS2322: Type '{ children: string; variant: "primary"; size: "lg"; fullWidth: true; leftIcon: Element; onClick: () => Promise<void>; disabled: boolean; }' is not assignable to type 'IntrinsicAttributes & ButtonProps & RefAttributes<HTMLButtonElement>'.
  Property 'children' does not exist on type 'IntrinsicAttributes & ButtonProps & RefAttributes<HTMLButtonElement>'.
src/features/products/ProductListPage.tsx(1,20): error TS6133: 'useEffect' is declared but its value is never read.
src/features/products/ProductListPage.tsx(68,14): error TS2322: Type '{ children: Element; variant: "dark"; padding: "md"; className: string; }' is not assignable to type 'IntrinsicAttributes & GlassCardProps & RefAttributes<HTMLDivElement>'.
  Property 'children' does not exist on type 'IntrinsicAttributes & GlassCardProps & RefAttributes<HTMLDivElement>'.
src/features/products/ProductListPage.tsx(78,22): error TS2322: Type '{ children: string; variant: "outline"; leftIcon: Element; }' is not assignable to type 'IntrinsicAttributes & ButtonProps & RefAttributes<HTMLButtonElement>'.
  Property 'children' does not exist on type 'IntrinsicAttributes & ButtonProps & RefAttributes<HTMLButtonElement>'.
src/features/products/ProductListPage.tsx(89,18): error TS2322: Type '{ children: Element; variant: "dark"; padding: "lg"; className: string; }' is not assignable to type 'IntrinsicAttributes & GlassCardProps & RefAttributes<HTMLDivElement>'.
  Property 'children' does not exist on type 'IntrinsicAttributes & GlassCardProps & RefAttributes<HTMLDivElement>'.
src/features/products/ProductListPage.tsx(114,30): error TS2322: Type '{ children: string; variant: "outline"; onClick: () => void; disabled: boolean; }' is not assignable to type 'IntrinsicAttributes & ButtonProps & RefAttributes<HTMLButtonElement>'.
  Property 'children' does not exist on type 'IntrinsicAttributes & ButtonProps & RefAttributes<HTMLButtonElement>'.
src/features/products/ProductListPage.tsx(124,30): error TS2322: Type '{ children: string; variant: "outline"; onClick: () => void; disabled: boolean; }' is not assignable to type 'IntrinsicAttributes & ButtonProps & RefAttributes<HTMLButtonElement>'.
  Property 'children' does not exist on type 'IntrinsicAttributes & ButtonProps & RefAttributes<HTMLButtonElement>'.
